  Determining projects to restore...
  All projects are up-to-date for restore.
  ecommerce -> C:\Users\Itsc01\Desktop\ecommerce\bin\Debug\net10.0\ecommerce.dll
  Ecommerce.Tests -> C:\Users\Itsc01\Desktop\ecommerce\Ecommerce.Tests\bin\Debug\net10.0\Ecommerce.Tests.dll

Build succeeded.
    0 Warning(s)
    0 Error(s)

Time Elapsed 00:00:03.80
